// Jest Snapshot v1, https://goo.gl/fbAQLP

exports[`<PictureGallery /> And has desktop view should render and match the snapshot 1`] = `null`;

exports[`<PictureGallery /> And has desktop view should render with given urls and match the snapshot 1`] = `
Array [
  <div
    className="MuiPaper-root MuiPaper-elevation1 MuiCard-root makeStyles-card-1 MuiPaper-rounded"
  >
    <img
      className="MuiCardMedia-root MuiCardMedia-media MuiCardMedia-img"
      src="https://imageA_2.jpg"
      title="Test"
    />
    <div
      className="MuiCardActions-root MuiCardActions-spacing"
    >
      <button
        aria-label="show image"
        className="MuiButtonBase-root MuiIconButton-root"
        data-testid="button"
        disabled={false}
        onBlur={[Function]}
        onClick={[Function]}
        onDragLeave={[Function]}
        onFocus={[Function]}
        onKeyDown={[Function]}
        onKeyUp={[Function]}
        onMouseDown={[Function]}
        onMouseLeave={[Function]}
        onMouseUp={[Function]}
        onTouchEnd={[Function]}
        onTouchMove={[Function]}
        onTouchStart={[Function]}
        tabIndex={0}
        type="button"
      >
        <span
          className="MuiIconButton-label"
        >
          <svg
            aria-hidden="true"
            className="MuiSvgIcon-root"
            focusable="false"
            role="presentation"
            viewBox="0 0 24 24"
          >
            <path
              d="M15.5 14h-.79l-.28-.27C15.41 12.59 16 11.11 16 9.5 16 5.91 13.09 3 9.5 3S3 5.91 3 9.5 5.91 16 9.5 16c1.61 0 3.09-.59 4.23-1.57l.27.28v.79l5 4.99L20.49 19l-4.99-5zm-6 0C7.01 14 5 11.99 5 9.5S7.01 5 9.5 5 14 7.01 14 9.5 11.99 14 9.5 14z"
            />
            <path
              d="M12 10h-2v2H9v-2H7V9h2V7h1v2h2v1z"
            />
          </svg>
        </span>
      </button>
    </div>
  </div>,
  <div
    className="MuiPaper-root MuiPaper-elevation1 MuiCard-root makeStyles-card-1 MuiPaper-rounded"
  >
    <img
      className="MuiCardMedia-root MuiCardMedia-media MuiCardMedia-img"
      src="https://imageB_2.jpg"
      title="Test"
    />
    <div
      className="MuiCardActions-root MuiCardActions-spacing"
    >
      <button
        aria-label="show image"
        className="MuiButtonBase-root MuiIconButton-root"
        data-testid="button"
        disabled={false}
        onBlur={[Function]}
        onClick={[Function]}
        onDragLeave={[Function]}
        onFocus={[Function]}
        onKeyDown={[Function]}
        onKeyUp={[Function]}
        onMouseDown={[Function]}
        onMouseLeave={[Function]}
        onMouseUp={[Function]}
        onTouchEnd={[Function]}
        onTouchMove={[Function]}
        onTouchStart={[Function]}
        tabIndex={0}
        type="button"
      >
        <span
          className="MuiIconButton-label"
        >
          <svg
            aria-hidden="true"
            className="MuiSvgIcon-root"
            focusable="false"
            role="presentation"
            viewBox="0 0 24 24"
          >
            <path
              d="M15.5 14h-.79l-.28-.27C15.41 12.59 16 11.11 16 9.5 16 5.91 13.09 3 9.5 3S3 5.91 3 9.5 5.91 16 9.5 16c1.61 0 3.09-.59 4.23-1.57l.27.28v.79l5 4.99L20.49 19l-4.99-5zm-6 0C7.01 14 5 11.99 5 9.5S7.01 5 9.5 5 14 7.01 14 9.5 11.99 14 9.5 14z"
            />
            <path
              d="M12 10h-2v2H9v-2H7V9h2V7h1v2h2v1z"
            />
          </svg>
        </span>
      </button>
    </div>
  </div>,
  <div
    className="MuiPaper-root MuiPaper-elevation1 MuiCard-root makeStyles-card-1 MuiPaper-rounded"
  >
    <img
      className="MuiCardMedia-root MuiCardMedia-media MuiCardMedia-img"
      src="https://imageC_2.jpg"
      title="Test"
    />
    <div
      className="MuiCardActions-root MuiCardActions-spacing"
    >
      <button
        aria-label="show image"
        className="MuiButtonBase-root MuiIconButton-root"
        data-testid="button"
        disabled={false}
        onBlur={[Function]}
        onClick={[Function]}
        onDragLeave={[Function]}
        onFocus={[Function]}
        onKeyDown={[Function]}
        onKeyUp={[Function]}
        onMouseDown={[Function]}
        onMouseLeave={[Function]}
        onMouseUp={[Function]}
        onTouchEnd={[Function]}
        onTouchMove={[Function]}
        onTouchStart={[Function]}
        tabIndex={0}
        type="button"
      >
        <span
          className="MuiIconButton-label"
        >
          <svg
            aria-hidden="true"
            className="MuiSvgIcon-root"
            focusable="false"
            role="presentation"
            viewBox="0 0 24 24"
          >
            <path
              d="M15.5 14h-.79l-.28-.27C15.41 12.59 16 11.11 16 9.5 16 5.91 13.09 3 9.5 3S3 5.91 3 9.5 5.91 16 9.5 16c1.61 0 3.09-.59 4.23-1.57l.27.28v.79l5 4.99L20.49 19l-4.99-5zm-6 0C7.01 14 5 11.99 5 9.5S7.01 5 9.5 5 14 7.01 14 9.5 11.99 14 9.5 14z"
            />
            <path
              d="M12 10h-2v2H9v-2H7V9h2V7h1v2h2v1z"
            />
          </svg>
        </span>
      </button>
    </div>
  </div>,
]
`;

exports[`<PictureGallery /> And has mobile view should render and match the snapshot 1`] = `null`;

exports[`<PictureGallery /> And has mobile view should render with given urls and match the snapshot 1`] = `
Array [
  <div
    className="MuiPaper-root MuiPaper-elevation1 MuiCard-root makeStyles-card-1 MuiPaper-rounded"
    data-testid="card"
    onClick={[Function]}
  >
    <img
      className="MuiCardMedia-root MuiCardMedia-media MuiCardMedia-img"
      src="https://imageA_2.jpg"
      title="Test"
    />
  </div>,
  <div
    className="MuiPaper-root MuiPaper-elevation1 MuiCard-root makeStyles-card-1 MuiPaper-rounded"
    data-testid="card"
    onClick={[Function]}
  >
    <img
      className="MuiCardMedia-root MuiCardMedia-media MuiCardMedia-img"
      src="https://imageB_2.jpg"
      title="Test"
    />
  </div>,
  <div
    className="MuiPaper-root MuiPaper-elevation1 MuiCard-root makeStyles-card-1 MuiPaper-rounded"
    data-testid="card"
    onClick={[Function]}
  >
    <img
      className="MuiCardMedia-root MuiCardMedia-media MuiCardMedia-img"
      src="https://imageC_2.jpg"
      title="Test"
    />
  </div>,
]
`;
